<?xml version="1.0" encoding="UTF-8" standalone="yes"?><ns2:GenericWebServiceMessage xmlns="http://ws.integclaims.itf.com" xmlns:ns2="http://generic.message.integclaims.integ.com"><ns2:name>FindRefData</ns2:name><ns2:keyValuePair><ns2:key>username</ns2:key><ns2:valueType>STRING</ns2:valueType><ns2:stringValue>webservice</ns2:stringValue></ns2:keyValuePair><ns2:keyValuePair><ns2:key>password</ns2:key><ns2:valueType>STRING</ns2:valueType><ns2:stringValue>password</ns2:stringValue></ns2:keyValuePair><ns2:keyValuePair><ns2:key>TABLE_NAME</ns2:key><ns2:valueType>STRING</ns2:valueType><ns2:stringValue>RD_TITLE</ns2:stringValue></ns2:keyValuePair></ns2:GenericWebServiceMessage>