<?xml version="1.0" encoding="UTF-8" standalone="yes"?><GenericWebServiceMessage xmlns="http://generic.message.integclaims.integ.com"><name>documentAttachDocument</name><keyValuePair><key>username</key><valueType>STRING</valueType><stringValue>webservice</stringValue></keyValuePair><keyValuePair><key>password</key><valueType>STRING</valueType><stringValue>password</stringValue></keyValuePair><keyValuePair><key>documentId</key><valueType>LONG</valueType><longValue>0</longValue></keyValuePair><keyValuePair><key>claimId</key><valueType>LONG</valueType><longValue>316179</longValue></keyValuePair><keyValuePair><key>claimNumber</key><valueType>STRING</valueType><stringValue>16/0019013</stringValue></keyValuePair><keyValuePair><key>externalClaimReference</key><valueType>STRING</valueType><stringValue>CR4</stringValue></keyValuePair><keyValuePair><key>documentType</key><valueType>STRING</valueType><stringValue>DOCUMENT</stringValue></keyValuePair><keyValuePair><key>documentSubType</key><valueType>STRING</valueType><stringValue>STATEMENT_OF_FACT</stringValue></keyValuePair><keyValuePair><key>description</key><valueType>STRING</valueType><stringValue>vijay-test-claim-document</stringValue></keyValuePair><keyValuePair><key>relatedPartyId</key><valueType>LONG</valueType><longValue>1571304</longValue></keyValuePair><keyValuePair><key>documentFileName</key><valueType>STRING</valueType><stringValue>vijay-test-claim.tif</stringValue></keyValuePair><keyValuePair><key>attachedDocument</key><valueType>BYTE_ARRAY</valueType><binaryValue>QUJDCg==</binaryValue></keyValuePair><keyValuePair><key>senderEmailAddress</key><valueType>STRING</valueType><stringValue>vijay.saradhi@huibio.com</stringValue></keyValuePair></GenericWebServiceMessage>