<?xml version="1.0" encoding="UTF-8" standalone="yes"?><ns2:GenericWebServiceMessage xmlns="http://ws.integclaims.itf.com" xmlns:ns2="http://generic.message.integclaims.integ.com"><ns2:name>FindRefData</ns2:name><ns2:keyValuePair><ns2:key>username</ns2:key><ns2:valueType>STRING</ns2:valueType><ns2:stringValue>username</ns2:stringValue></ns2:keyValuePair><ns2:keyValuePair><ns2:key>password</ns2:key><ns2:valueType>STRING</ns2:valueType><ns2:stringValue>password</ns2:stringValue></ns2:keyValuePair><ns2:keyValuePair><ns2:key>TABLE_NAME</ns2:key><ns2:valueType>STRING</ns2:valueType><ns2:stringValue>ref_data</ns2:stringValue></ns2:keyValuePair><ns2:keyValuePair><ns2:key>PARENT_CODE</ns2:key><ns2:valueType>STRING</ns2:valueType><ns2:stringValue>PURPOSE_OF_JOURNEY</ns2:stringValue></ns2:keyValuePair><ns2:keyValuePair><ns2:key>COMPANY_CODE</ns2:key><ns2:valueType>STRING</ns2:valueType><ns2:stringValue>NOIDEA</ns2:stringValue></ns2:keyValuePair><ns2:keyValuePair><ns2:key>FILTER_CODE</ns2:key><ns2:valueType>STRING</ns2:valueType><ns2:stringValue>RESPOND</ns2:stringValue></ns2:keyValuePair><ns2:keyValuePair><ns2:key>addShowAllEntry</ns2:key><ns2:valueType>BOOLEAN</ns2:valueType><ns2:booleanValue>false</ns2:booleanValue></ns2:keyValuePair><ns2:keyValuePair><ns2:key>showAllCompanyCodes</ns2:key><ns2:valueType>BOOLEAN</ns2:valueType><ns2:booleanValue>false</ns2:booleanValue></ns2:keyValuePair><ns2:keyValuePair><ns2:key>exludeEmptyCompanyCodes</ns2:key><ns2:valueType>BOOLEAN</ns2:valueType><ns2:booleanValue>false</ns2:booleanValue></ns2:keyValuePair><ns2:keyValuePair><ns2:key>exludeEmptyFilterCodes</ns2:key><ns2:valueType>BOOLEAN</ns2:valueType><ns2:booleanValue>false</ns2:booleanValue></ns2:keyValuePair><ns2:keyValuePair><ns2:key>enforceParentRlship</ns2:key><ns2:valueType>BOOLEAN</ns2:valueType><ns2:booleanValue>false</ns2:booleanValue></ns2:keyValuePair><ns2:keyValuePair><ns2:key>extraCodeToAdd</ns2:key><ns2:valueType>STRING</ns2:valueType><ns2:stringValue>SDP</ns2:stringValue></ns2:keyValuePair></ns2:GenericWebServiceMessage>