<?xml version="1.0" encoding="UTF-8" standalone="yes"?><ns2:GenericWebServiceMessage xmlns="http://ws.integclaims.itf.com" xmlns:ns2="http://generic.message.integclaims.integ.com"><ns2:name>documentAttachDocument</ns2:name><ns2:keyValuePair><ns2:key>username</ns2:key><ns2:valueType>STRING</ns2:valueType><ns2:stringValue>username</ns2:stringValue></ns2:keyValuePair><ns2:keyValuePair><ns2:key>password</ns2:key><ns2:valueType>STRING</ns2:valueType><ns2:stringValue>password</ns2:stringValue></ns2:keyValuePair><ns2:keyValuePair><ns2:key>documentId</ns2:key><ns2:valueType>LONG</ns2:valueType><ns2:longValue>1</ns2:longValue></ns2:keyValuePair><ns2:keyValuePair><ns2:key>claimId</ns2:key><ns2:valueType>LONG</ns2:valueType><ns2:longValue>2</ns2:longValue></ns2:keyValuePair><ns2:keyValuePair><ns2:key>claimNumber</ns2:key><ns2:valueType>STRING</ns2:valueType><ns2:stringValue>C3</ns2:stringValue></ns2:keyValuePair><ns2:keyValuePair><ns2:key>externalClaimReference</ns2:key><ns2:valueType>STRING</ns2:valueType><ns2:stringValue>CR4</ns2:stringValue></ns2:keyValuePair><ns2:keyValuePair><ns2:key>documentType</ns2:key><ns2:valueType>STRING</ns2:valueType><ns2:stringValue>documentType</ns2:stringValue></ns2:keyValuePair><ns2:keyValuePair><ns2:key>documentSubType</ns2:key><ns2:valueType>STRING</ns2:valueType><ns2:stringValue>documentSubType</ns2:stringValue></ns2:keyValuePair><ns2:keyValuePair><ns2:key>description</ns2:key><ns2:valueType>STRING</ns2:valueType><ns2:stringValue>description</ns2:stringValue></ns2:keyValuePair><ns2:keyValuePair><ns2:key>relatedPartyId</ns2:key><ns2:valueType>LONG</ns2:valueType><ns2:longValue>5</ns2:longValue></ns2:keyValuePair><ns2:keyValuePair><ns2:key>documentFileName</ns2:key><ns2:valueType>STRING</ns2:valueType><ns2:stringValue>documentFileName</ns2:stringValue></ns2:keyValuePair><ns2:keyValuePair><ns2:key>attachedDocument</ns2:key><ns2:valueType>BYTE_ARRAY</ns2:valueType><ns2:binaryValue>QUJDCg==</ns2:binaryValue></ns2:keyValuePair><ns2:keyValuePair><ns2:key>senderEmailAddress</ns2:key><ns2:valueType>STRING</ns2:valueType><ns2:stringValue>senderEmailAddress</ns2:stringValue></ns2:keyValuePair></ns2:GenericWebServiceMessage>